<html>
<body>
<pre>
<h1>礦ision Build Log</h1>
<h2>Tool Versions:</h2>
IDE-Version: μVision V5.16a
Copyright (C) 2015 ARM Ltd and ARM Germany GmbH. All rights reserved.
License Information: iii iii, iii, LIC=YA3AR-KGB2J-Z98G9-4SYVQ-AANN5-C4DT2
 
Tool Versions:
Toolchain:       MDK-ARM Standard  Version: 5.16a
Toolchain Path:  d:\Keil_v5\ARM\ARMCC\Bin
C Compiler:      Armcc.exe V5.06 (build 20)
Assembler:       Armasm.exe V5.06 (build 20)
Linker/Locator:  ArmLink.exe V5.06 (build 20)
Library Manager: ArmAr.exe V5.06 (build 20)
Hex Converter:   FromElf.exe V5.06 (build 20)
CPU DLL:         SARMCM3.DLL V5.16a
Dialog DLL:      DARMSTM.DLL V1.65.0.0
Target DLL:      Segger\JL2CM3.dll V2.99.15.2
Dialog DLL:      TARMSTM.DLL V1.64.0.0
 
<h2>Project:</h2>
F:\程序调试存储\开发板源码\stm32f103野火\MINI-V3\3-程序源码\2-裸机例程\WIFI—ESP8266\2-WIFI透传\Project\RVMDK（uv4）\iSO-STM32.uvprojx
Project File Date:  05/09/2016

<h2>Output:</h2>
*** Using Compiler 'V5.06 (build 20)', folder: 'd:\Keil_v5\ARM\ARMCC\Bin'
Build target 'WF-ESP8266'
compiling stm32f10x_it.c...
compiling main.c...
compiling test.c...
linking...
Program Size: Code=7644 RO-data=1460 RW-data=52 ZI-data=2052  
FromELF: creating hex file...
"..\..\Output\Template.axf" - 0 Error(s), 0 Warning(s).

<h2>Collection of Component include folders:</h2>
  F:\程序调试存储\开发板源码\stm32f103野火\MINI-V3\3-程序源码\2-裸机例程\WIFI—ESP8266\2-WIFI透传\Project\RVMDK（uv4）\RTE
  d:\Keil_v5\ARM\PACK\Keil\STM32F1xx_DFP\2.0.0\Device\Include

<h2>Collection of Component Files used:</h2>
Build Time Elapsed:  00:00:02
</pre>
</body>
</html>
