<html>
<body>
<pre>
<h1>µVision Build Log</h1>
<h2>Tool Versions:</h2>
IDE-Version: ¦ÌVision V5.24.2.0
Copyright (C) 2017 ARM Ltd and ARM Germany GmbH. All rights reserved.
License Information: 1 ZhaoCJ, 1, LIC=D0D8T-R4KYE-PCCJ8-3TIAC-ZMP38-BL9FN
 
Tool Versions:
Toolchain:       MDK-ARM Plus  Version: 5.24.1
Toolchain Path:  K:\keil5\ARM\ARMCC\Bin
C Compiler:      Armcc.exe V5.06 update 5 (build 528)
Assembler:       Armasm.exe V5.06 update 5 (build 528)
Linker/Locator:  ArmLink.exe V5.06 update 5 (build 528)
Library Manager: ArmAr.exe V5.06 update 5 (build 528)
Hex Converter:   FromElf.exe V5.06 update 5 (build 528)
CPU DLL:         SARMCM3.DLL V5.24.1
Dialog DLL:      DCM.DLL V1.16.0.0
Target DLL:      STLink\ST-LINKIII-KEIL_SWO.dll V3.0.1.0
Dialog DLL:      TCM.DLL V1.32.0.0
 
<h2>Project:</h2>
E:\XG\HandWareCopyWhenUse\aaProject_HAL_ZCJ\Project\RVMDK\CarSTM32.uvprojx
Project File Date:  04/23/2020

<h2>Output:</h2>
*** Using Compiler 'V5.06 update 5 (build 528)', folder: 'K:\keil5\ARM\ARMCC\Bin'
Rebuild target 'portable incubator'
compiling core_cm3.c...
compiling misc.c...
compiling stm32f10x_crc.c...
compiling stm32f10x_cec.c...
compiling stm32f10x_adc.c...
compiling stm32f10x_bkp.c...
compiling stm32f10x_can.c...
compiling stm32f10x_dac.c...
compiling stm32f10x_dbgmcu.c...
compiling stm32f10x_dma.c...
compiling stm32f10x_exti.c...
compiling stm32f10x_gpio.c...
compiling stm32f10x_flash.c...
compiling stm32f10x_fsmc.c...
compiling stm32f10x_i2c.c...
compiling stm32f10x_iwdg.c...
compiling stm32f10x_sdio.c...
compiling stm32f10x_pwr.c...
compiling stm32f10x_rtc.c...
compiling stm32f10x_spi.c...
compiling stm32f10x_rcc.c...
compiling stm32f10x_tim.c...
compiling stm32f10x_wwdg.c...
compiling delay.c...
compiling timer.c...
compiling main.c...
main.c(13): warning:  #223-D: function "TIM2_Int_Init" declared implicitly
      TIM2_Int_Init(9,7199);//(9,7199)
main.c(15): warning:  #223-D: function "SysTask_Create" declared implicitly
  	SysTask_Create();
main.c(18): warning:  #223-D: function "Timer1_IsrHandler" declared implicitly
          Timer1_IsrHandler();	
main.c: 3 warnings, 0 errors
compiling TaskMgr.c...
TaskMgr\TaskMgr.c(37): warning:  #223-D: function "TIM2_Int_Init" declared implicitly
  	TIM2_Int_Init(9,7199);
TaskMgr\TaskMgr.c(332): warning:  #223-D: function "_Comm_TASK1ms" declared implicitly
  	  _Comm_TASK1ms();
TaskMgr\TaskMgr.c(338): warning:  #223-D: function "_Comm_TASK250ms" declared implicitly
      _Comm_TASK250ms();
TaskMgr\TaskMgr.c(343): warning:  #223-D: function "_Comm_TASK10ms" declared implicitly
      _Comm_TASK10ms();
TaskMgr\TaskMgr.c(300): warning:  #177-D: function "Timer0_Task2"  was declared but never referenced
  static void Timer0_Task2(void)   //2ms
TaskMgr\TaskMgr.c(305): warning:  #177-D: function "Timer0_Task3"  was declared but never referenced
  static void Timer0_Task3(void)   //2ms
TaskMgr\TaskMgr.c(310): warning:  #177-D: function "Timer0_Task4"  was declared but never referenced
  static void Timer0_Task4(void)   //2ms
TaskMgr\TaskMgr.c: 7 warnings, 0 errors
compiling stm32f10x_usart.c...
compiling sys.c...
assembling startup_stm32f10x_hd.s...
compiling function.c...
..\..\..\NiceFunctionBOX\Function\function.h(31): warning:  #1295-D: Deprecated declaration GetRandChar_test - give arg types
  int GetRandChar_test();
..\..\..\NiceFunctionBOX\Function\function.c(42): warning:  #940-D: missing return statement at end of non-void function "GetRandChar_test" 
  }
..\..\..\NiceFunctionBOX\Function\function.c: 2 warnings, 0 errors
compiling ResizableArray.c...
..\..\..\ResizableArray\ResizableArray.h(18): warning:  #260-D: explicit type is missing ("int" assumed)
  const BLOCK_SIZE = 20 ;
..\..\..\ResizableArray\ResizableArray.c(211): warning:  #1-D: last line of file ends without a newline
  */
..\..\..\ResizableArray\ResizableArray.c: 2 warnings, 0 errors
compiling UAPP_Comm.c...
..\..\..\NiceFunctionBOX\Function\function.h(31): warning:  #1295-D: Deprecated declaration GetRandChar_test - give arg types
  int GetRandChar_test();
APP\UAPP_Comm.c: 1 warning, 0 errors
compiling system_stm32f10x.c...
linking...
Program Size: Code=3576 RO-data=336 RW-data=52 ZI-data=1340  
FromELF: creating hex file...
After Build - User command #2: fromelf --bin -o "..\..\Output\SB.bin" "..\..\Output\SB.axf"
"..\..\Output\SB.axf" - 0 Error(s), 15 Warning(s).

<h2>Software Packages used:</h2>

Package Vendor: ARM
                http://www.keil.com/pack/ARM.CMSIS.5.0.1.pack
                ARM.CMSIS.5.0.1
                CMSIS (Cortex Microcontroller Software Interface Standard)
   * Component: CORE Version: 5.0.1

Package Vendor: Keil
                http://www.keil.com/pack/Keil.STM32F1xx_DFP.2.2.0.pack
                Keil.STM32F1xx_DFP.2.2.0
                STMicroelectronics STM32F1 Series Device Support, Drivers and Examples
   * Component: Startup Version: 1.0.0

<h2>Collection of Component include folders:</h2>
  .\RTE\Device\STM32F103RC
  .\RTE\_portable_incubator
  D:\keil5\ARM\PACK\ARM\CMSIS\5.0.1\CMSIS\Include
  D:\keil5\ARM\PACK\Keil\STM32F1xx_DFP\2.2.0\Device\Include

<h2>Collection of Component Files used:</h2>

   * Component: Keil::Device:Startup:1.0.0
      Source file:   Device\Source\ARM\STM32F1xx_OPT.s
      Source file:   Device\Source\system_stm32f10x.c
      Source file:   Device\Source\ARM\startup_stm32f10x_hd.s
      Include file:  RTE_Driver\Config\RTE_Device.h

   * Component: ARM::CMSIS:CORE:5.0.1
Build Time Elapsed:  00:00:05
</pre>
</body>
</html>
