<html>
<body>
<pre>
<h1>µVision Build Log</h1>
<h2>Tool Versions:</h2>
IDE-Version: ¦ÌVision V5.24.2.0
Copyright (C) 2017 ARM Ltd and ARM Germany GmbH. All rights reserved.
License Information: 1 ZhaoCJ, 1, LIC=D0D8T-R4KYE-PCCJ8-3TIAC-ZMP38-BL9FN
 
Tool Versions:
Toolchain:       MDK-ARM Plus  Version: 5.24.1
Toolchain Path:  K:\keil5\ARM\ARMCC\Bin
C Compiler:      Armcc.exe V5.06 update 5 (build 528)
Assembler:       Armasm.exe V5.06 update 5 (build 528)
Linker/Locator:  ArmLink.exe V5.06 update 5 (build 528)
Library Manager: ArmAr.exe V5.06 update 5 (build 528)
Hex Converter:   FromElf.exe V5.06 update 5 (build 528)
CPU DLL:         SARMCM3.DLL V5.24.1
Dialog DLL:      DCM.DLL V1.16.0.0
Target DLL:      STLink\ST-LINKIII-KEIL_SWO.dll V3.0.1.0
Dialog DLL:      TCM.DLL V1.32.0.0
 
<h2>Project:</h2>
E:\XG\TaskSourceCopyWhenUse\project_HAL\Project\RVMDK\CarSTM32.uvprojx
Project File Date:  04/03/2020

<h2>Output:</h2>
*** Using Compiler 'V5.06 update 5 (build 528)', folder: 'K:\keil5\ARM\ARMCC\Bin'
Build target 'portable incubator'
compiling TaskMgr.c...
TaskMgr\TaskMgr.c(37): warning:  #223-D: function "TIM2_Int_Init" declared implicitly
  	TIM2_Int_Init(9,7199);
TaskMgr\TaskMgr.c(300): warning:  #177-D: function "Timer0_Task2"  was declared but never referenced
  static void Timer0_Task2(void)   //2ms
TaskMgr\TaskMgr.c(305): warning:  #177-D: function "Timer0_Task3"  was declared but never referenced
  static void Timer0_Task3(void)   //2ms
TaskMgr\TaskMgr.c(310): warning:  #177-D: function "Timer0_Task4"  was declared but never referenced
  static void Timer0_Task4(void)   //2ms
TaskMgr\TaskMgr.c: 4 warnings, 0 errors
linking...
Program Size: Code=2916 RO-data=336 RW-data=48 ZI-data=1344  
FromELF: creating hex file...
"..\..\Output\Template.axf" - 0 Error(s), 4 Warning(s).

<h2>Software Packages used:</h2>

Package Vendor: ARM
                http://www.keil.com/pack/ARM.CMSIS.5.0.1.pack
                ARM.CMSIS.5.0.1
                CMSIS (Cortex Microcontroller Software Interface Standard)
   * Component: CORE Version: 5.0.1

Package Vendor: Keil
                http://www.keil.com/pack/Keil.STM32F1xx_DFP.2.2.0.pack
                Keil.STM32F1xx_DFP.2.2.0
                STMicroelectronics STM32F1 Series Device Support, Drivers and Examples
   * Component: Startup Version: 1.0.0

<h2>Collection of Component include folders:</h2>
  .\RTE\Device\STM32F103RC
  .\RTE\_portable_incubator
  D:\keil5\ARM\PACK\ARM\CMSIS\5.0.1\CMSIS\Include
  D:\keil5\ARM\PACK\Keil\STM32F1xx_DFP\2.2.0\Device\Include

<h2>Collection of Component Files used:</h2>

   * Component: Keil::Device:Startup:1.0.0
      Source file:   Device\Source\ARM\STM32F1xx_OPT.s
      Include file:  RTE_Driver\Config\RTE_Device.h
      Source file:   Device\Source\ARM\startup_stm32f10x_hd.s
      Source file:   Device\Source\system_stm32f10x.c

   * Component: ARM::CMSIS:CORE:5.0.1
Build Time Elapsed:  00:00:01
</pre>
</body>
</html>
